org/example/validations/CreateSubredditValidation.class
org/example/controller/model/JoinSubredditRequestDTO.class
org/example/service/impl/UserActionsServiceImpl.class
org/example/service/impl/CleanUpServiceImpl.class
org/example/persistence/model/CommentEntity.class
org/example/controller/LoadDataController.class
org/example/persistence/repository/SubredditRepository.class
org/example/service/CleanUpService.class
org/example/persistence/model/UserAccountEntity.class
org/example/controller/impl/LoadDataControllerImpl.class
org/example/controller/model/UserCredentials.class
org/example/persistence/model/SessionEntity.class
org/example/service/UserActionsService.class
org/example/service/ValidationService.class
org/example/persistence/repository/RedditRepository.class
org/example/persistence/model/PostEntity.class
org/example/controller/model/UserProfile.class
org/example/service/FileService.class
org/example/service/impl/LoadDataServiceImpl.class
org/example/controller/FileController.class
org/example/exception/exceptions/SubredditAlreadyExistsException.class
org/example/validations/JoinSubredditValidation.class
org/example/controller/model/DTO.class
org/example/persistence/repository/UserProfileRepository.class
org/example/persistence/repository/CommentRepository.class
org/example/validations/CreatePostValidation.class
org/example/persistence/model/SubredditEntity.class
org/example/service/impl/SessionHandlingServiceImpl.class
org/example/controller/impl/UserActionsControllerImpl.class
org/example/exception/exceptions/SubredditNotFoundException.class
org/example/validations/LoginValidation.class
org/example/service/impl/ValidationServiceImpl.class
org/example/persistence/repository/PostRepository.class
org/example/service/LoadDataService.class
org/example/exception/exceptions/UserNotInSubredditException.class
org/example/service/UserAccountService.class
org/example/service/impl/UserAccountServiceImpl.class
org/example/validations/SignUpValidation.class
org/example/exception/exceptions/NullIdInCreateRequestException.class
org/example/persistence/model/UserProfileEntity.class
org/example/exception/exceptions/SessionExpiredException.class
org/example/service/SessionHandlingService.class
org/example/persistence/repository/UserAccountRepository.class
org/example/controller/model/CreatePostRequestDTO.class
org/example/validators/Validators.class
org/example/controller/model/CreateSubredditRequestDTO.class
org/example/validators/UniquePostValidator.class
org/example/validators/ExistingUserCredentialsValidator.class
org/example/controller/model/ValidationData.class
org/example/validators/UniqueUsernameValidator.class
org/example/validators/Validator.class
org/example/exception/exceptions/UserNotFoundException.class
org/example/persistence/model/BaseEntity.class
org/example/persistence/repository/SessionRepository.class
org/example/exception/GlobalExceptionHandler.class
org/example/controller/impl/UserAccountControllerImpl.class
org/example/service/impl/FileServiceImpl.class
org/example/controller/impl/FileControllerImpl.class
org/example/validators/UserAlreadyJoinedSubredditValidator.class
org/example/controller/UserActionsController.class
org/example/Application.class
org/example/controller/UserAccountController.class
org/example/validations/Validation.class
org/example/exception/exceptions/UsernameAlreadyExistsException.class
org/example/validators/ExistingSubredditValidator.class
org/example/controller/model/ValidationData$ValidationDataBuilder.class
org/example/validators/UniqueSubredditValidator.class
