/Users/alexander/IdeaProjects/TestHackTuesProject/Testproject/springboot/springbootapp/src/main/java/org/example/Application.java
/Users/alexander/IdeaProjects/TestHackTuesProject/Testproject/springboot/springbootapp/src/main/java/org/example/controller/UserAccountController.java
/Users/alexander/IdeaProjects/TestHackTuesProject/Testproject/springboot/springbootapp/src/main/java/org/example/controller/UserActionsController.java
/Users/alexander/IdeaProjects/TestHackTuesProject/Testproject/springboot/springbootapp/src/main/java/org/example/controller/impl/UserAccountControllerImpl.java
/Users/alexander/IdeaProjects/TestHackTuesProject/Testproject/springboot/springbootapp/src/main/java/org/example/controller/impl/UserActionsControllerImpl.java
/Users/alexander/IdeaProjects/TestHackTuesProject/Testproject/springboot/springbootapp/src/main/java/org/example/controller/model/Post.java
/Users/alexander/IdeaProjects/TestHackTuesProject/Testproject/springboot/springbootapp/src/main/java/org/example/controller/model/Subreddit.java
/Users/alexander/IdeaProjects/TestHackTuesProject/Testproject/springboot/springbootapp/src/main/java/org/example/controller/model/UserCredentials.java
/Users/alexander/IdeaProjects/TestHackTuesProject/Testproject/springboot/springbootapp/src/main/java/org/example/controller/model/UserProfile.java
/Users/alexander/IdeaProjects/TestHackTuesProject/Testproject/springboot/springbootapp/src/main/java/org/example/exception/GlobalExceptionHandler.java
/Users/alexander/IdeaProjects/TestHackTuesProject/Testproject/springboot/springbootapp/src/main/java/org/example/exception/exceptions/SessionExpiredException.java
/Users/alexander/IdeaProjects/TestHackTuesProject/Testproject/springboot/springbootapp/src/main/java/org/example/exception/exceptions/SubredditAlreadyExistsException.java
/Users/alexander/IdeaProjects/TestHackTuesProject/Testproject/springboot/springbootapp/src/main/java/org/example/exception/exceptions/SubredditNotFoundException.java
/Users/alexander/IdeaProjects/TestHackTuesProject/Testproject/springboot/springbootapp/src/main/java/org/example/exception/exceptions/UserNotFoundException.java
/Users/alexander/IdeaProjects/TestHackTuesProject/Testproject/springboot/springbootapp/src/main/java/org/example/exception/exceptions/UsernameAlreadyExistsException.java
/Users/alexander/IdeaProjects/TestHackTuesProject/Testproject/springboot/springbootapp/src/main/java/org/example/persistence/model/BaseEntity.java
/Users/alexander/IdeaProjects/TestHackTuesProject/Testproject/springboot/springbootapp/src/main/java/org/example/persistence/model/CommentEntity.java
/Users/alexander/IdeaProjects/TestHackTuesProject/Testproject/springboot/springbootapp/src/main/java/org/example/persistence/model/PostEntity.java
/Users/alexander/IdeaProjects/TestHackTuesProject/Testproject/springboot/springbootapp/src/main/java/org/example/persistence/model/SessionEntity.java
/Users/alexander/IdeaProjects/TestHackTuesProject/Testproject/springboot/springbootapp/src/main/java/org/example/persistence/model/SubredditEntity.java
/Users/alexander/IdeaProjects/TestHackTuesProject/Testproject/springboot/springbootapp/src/main/java/org/example/persistence/model/UserAccountEntity.java
/Users/alexander/IdeaProjects/TestHackTuesProject/Testproject/springboot/springbootapp/src/main/java/org/example/persistence/model/UserProfileEntity.java
/Users/alexander/IdeaProjects/TestHackTuesProject/Testproject/springboot/springbootapp/src/main/java/org/example/persistence/repository/CommentRepository.java
/Users/alexander/IdeaProjects/TestHackTuesProject/Testproject/springboot/springbootapp/src/main/java/org/example/persistence/repository/PostRepository.java
/Users/alexander/IdeaProjects/TestHackTuesProject/Testproject/springboot/springbootapp/src/main/java/org/example/persistence/repository/RedditRepository.java
/Users/alexander/IdeaProjects/TestHackTuesProject/Testproject/springboot/springbootapp/src/main/java/org/example/persistence/repository/SessionRepository.java
/Users/alexander/IdeaProjects/TestHackTuesProject/Testproject/springboot/springbootapp/src/main/java/org/example/persistence/repository/SubredditRepository.java
/Users/alexander/IdeaProjects/TestHackTuesProject/Testproject/springboot/springbootapp/src/main/java/org/example/persistence/repository/UserAccountRepository.java
/Users/alexander/IdeaProjects/TestHackTuesProject/Testproject/springboot/springbootapp/src/main/java/org/example/persistence/repository/UserProfileRepository.java
/Users/alexander/IdeaProjects/TestHackTuesProject/Testproject/springboot/springbootapp/src/main/java/org/example/service/CleanUpService.java
/Users/alexander/IdeaProjects/TestHackTuesProject/Testproject/springboot/springbootapp/src/main/java/org/example/service/SessionHandlingService.java
/Users/alexander/IdeaProjects/TestHackTuesProject/Testproject/springboot/springbootapp/src/main/java/org/example/service/UserAccountService.java
/Users/alexander/IdeaProjects/TestHackTuesProject/Testproject/springboot/springbootapp/src/main/java/org/example/service/UserActionsService.java
/Users/alexander/IdeaProjects/TestHackTuesProject/Testproject/springboot/springbootapp/src/main/java/org/example/service/impl/CleanUpServiceImpl.java
/Users/alexander/IdeaProjects/TestHackTuesProject/Testproject/springboot/springbootapp/src/main/java/org/example/service/impl/SessionHandlingServiceImpl.java
/Users/alexander/IdeaProjects/TestHackTuesProject/Testproject/springboot/springbootapp/src/main/java/org/example/service/impl/UserAccountServiceImpl.java
/Users/alexander/IdeaProjects/TestHackTuesProject/Testproject/springboot/springbootapp/src/main/java/org/example/service/impl/UserActionsServiceImpl.java
/Users/alexander/IdeaProjects/TestHackTuesProject/Testproject/springboot/springbootapp/src/main/java/org/example/validators/ExistingSubredditValidator.java
/Users/alexander/IdeaProjects/TestHackTuesProject/Testproject/springboot/springbootapp/src/main/java/org/example/validators/ExistingUserCredentialsValidator.java
/Users/alexander/IdeaProjects/TestHackTuesProject/Testproject/springboot/springbootapp/src/main/java/org/example/validators/UniqueSubredditValidator.java
/Users/alexander/IdeaProjects/TestHackTuesProject/Testproject/springboot/springbootapp/src/main/java/org/example/validators/UniqueUsernameValidator.java
/Users/alexander/IdeaProjects/TestHackTuesProject/Testproject/springboot/springbootapp/src/main/java/org/example/validators/Validator.java
