/var/www/Testproject/springboot/springbootapp/src/main/java/org/example/service/FileService.java
/var/www/Testproject/springboot/springbootapp/src/main/java/org/example/exception/exceptions/UserNotInSubredditException.java
/var/www/Testproject/springboot/springbootapp/src/main/java/org/example/persistence/model/PostEntity.java
/var/www/Testproject/springboot/springbootapp/src/main/java/org/example/persistence/model/UserProfileEntity.java
/var/www/Testproject/springboot/springbootapp/src/main/java/org/example/validations/SignUpValidation.java
/var/www/Testproject/springboot/springbootapp/src/main/java/org/example/controller/model/ValidationData.java
/var/www/Testproject/springboot/springbootapp/src/main/java/org/example/persistence/repository/SessionRepository.java
/var/www/Testproject/springboot/springbootapp/src/main/java/org/example/persistence/repository/UserAccountRepository.java
/var/www/Testproject/springboot/springbootapp/src/main/java/org/example/validators/UniqueSubredditValidator.java
/var/www/Testproject/springboot/springbootapp/src/main/java/org/example/validators/Validator.java
/var/www/Testproject/springboot/springbootapp/src/main/java/org/example/validations/Validation.java
/var/www/Testproject/springboot/springbootapp/src/main/java/org/example/persistence/repository/PostRepository.java
/var/www/Testproject/springboot/springbootapp/src/main/java/org/example/service/impl/LoadDataServiceImpl.java
/var/www/Testproject/springboot/springbootapp/src/main/java/org/example/controller/LoadDataController.java
/var/www/Testproject/springboot/springbootapp/src/main/java/org/example/controller/model/CreateSubredditRequestDTO.java
/var/www/Testproject/springboot/springbootapp/src/main/java/org/example/validations/JoinSubredditValidation.java
/var/www/Testproject/springboot/springbootapp/src/main/java/org/example/validations/LoginValidation.java
/var/www/Testproject/springboot/springbootapp/src/main/java/org/example/controller/FileController.java
/var/www/Testproject/springboot/springbootapp/src/main/java/org/example/controller/impl/FileControllerImpl.java
/var/www/Testproject/springboot/springbootapp/src/main/java/org/example/persistence/model/SessionEntity.java
/var/www/Testproject/springboot/springbootapp/src/main/java/org/example/validators/ExistingSubredditValidator.java
/var/www/Testproject/springboot/springbootapp/src/main/java/org/example/controller/impl/UserActionsControllerImpl.java
/var/www/Testproject/springboot/springbootapp/src/main/java/org/example/persistence/repository/RedditRepository.java
/var/www/Testproject/springboot/springbootapp/src/main/java/org/example/validators/UniqueUsernameValidator.java
/var/www/Testproject/springboot/springbootapp/src/main/java/org/example/validators/UserAlreadyJoinedSubredditValidator.java
/var/www/Testproject/springboot/springbootapp/src/main/java/org/example/service/impl/SessionHandlingServiceImpl.java
/var/www/Testproject/springboot/springbootapp/src/main/java/org/example/validators/ExistingUserCredentialsValidator.java
/var/www/Testproject/springboot/springbootapp/src/main/java/org/example/service/impl/FileServiceImpl.java
/var/www/Testproject/springboot/springbootapp/src/main/java/org/example/service/impl/CleanUpServiceImpl.java
/var/www/Testproject/springboot/springbootapp/src/main/java/org/example/controller/UserAccountController.java
/var/www/Testproject/springboot/springbootapp/src/main/java/org/example/persistence/repository/UserProfileRepository.java
/var/www/Testproject/springboot/springbootapp/src/main/java/org/example/persistence/model/BaseEntity.java
/var/www/Testproject/springboot/springbootapp/src/main/java/org/example/validations/CreateSubredditValidation.java
/var/www/Testproject/springboot/springbootapp/src/main/java/org/example/controller/model/CreatePostRequestDTO.java
/var/www/Testproject/springboot/springbootapp/src/main/java/org/example/controller/model/JoinSubredditRequestDTO.java
/var/www/Testproject/springboot/springbootapp/src/main/java/org/example/service/LoadDataService.java
/var/www/Testproject/springboot/springbootapp/src/main/java/org/example/persistence/repository/CommentRepository.java
/var/www/Testproject/springboot/springbootapp/src/main/java/org/example/persistence/model/SubredditEntity.java
/var/www/Testproject/springboot/springbootapp/src/main/java/org/example/exception/GlobalExceptionHandler.java
/var/www/Testproject/springboot/springbootapp/src/main/java/org/example/controller/impl/LoadDataControllerImpl.java
/var/www/Testproject/springboot/springbootapp/src/main/java/org/example/validators/UniquePostValidator.java
/var/www/Testproject/springboot/springbootapp/src/main/java/org/example/validations/CreatePostValidation.java
/var/www/Testproject/springboot/springbootapp/src/main/java/org/example/exception/exceptions/UsernameAlreadyExistsException.java
/var/www/Testproject/springboot/springbootapp/src/main/java/org/example/service/SessionHandlingService.java
/var/www/Testproject/springboot/springbootapp/src/main/java/org/example/persistence/model/CommentEntity.java
/var/www/Testproject/springboot/springbootapp/src/main/java/org/example/exception/exceptions/SubredditAlreadyExistsException.java
/var/www/Testproject/springboot/springbootapp/src/main/java/org/example/persistence/model/UserAccountEntity.java
/var/www/Testproject/springboot/springbootapp/src/main/java/org/example/exception/exceptions/NullIdInCreateRequestException.java
/var/www/Testproject/springboot/springbootapp/src/main/java/org/example/Application.java
/var/www/Testproject/springboot/springbootapp/src/main/java/org/example/service/impl/ValidationServiceImpl.java
/var/www/Testproject/springboot/springbootapp/src/main/java/org/example/exception/exceptions/SessionExpiredException.java
/var/www/Testproject/springboot/springbootapp/src/main/java/org/example/service/UserActionsService.java
/var/www/Testproject/springboot/springbootapp/src/main/java/org/example/exception/exceptions/SubredditNotFoundException.java
/var/www/Testproject/springboot/springbootapp/src/main/java/org/example/service/ValidationService.java
/var/www/Testproject/springboot/springbootapp/src/main/java/org/example/controller/UserActionsController.java
/var/www/Testproject/springboot/springbootapp/src/main/java/org/example/controller/impl/UserAccountControllerImpl.java
/var/www/Testproject/springboot/springbootapp/src/main/java/org/example/validators/Validators.java
/var/www/Testproject/springboot/springbootapp/src/main/java/org/example/service/impl/UserAccountServiceImpl.java
/var/www/Testproject/springboot/springbootapp/src/main/java/org/example/controller/model/UserCredentials.java
/var/www/Testproject/springboot/springbootapp/src/main/java/org/example/service/CleanUpService.java
/var/www/Testproject/springboot/springbootapp/src/main/java/org/example/service/impl/UserActionsServiceImpl.java
/var/www/Testproject/springboot/springbootapp/src/main/java/org/example/service/UserAccountService.java
/var/www/Testproject/springboot/springbootapp/src/main/java/org/example/exception/exceptions/UserNotFoundException.java
/var/www/Testproject/springboot/springbootapp/src/main/java/org/example/persistence/repository/SubredditRepository.java
/var/www/Testproject/springboot/springbootapp/src/main/java/org/example/controller/model/UserProfile.java
/var/www/Testproject/springboot/springbootapp/src/main/java/org/example/controller/model/DTO.java
